{
  "version": "1.5.0",
  "plugins_used": [
    {
      "name": "Base64HighEntropyString",
      "base64_limit": 4.5
    },
    {
      "name": "HexHighEntropyString",
      "hex_limit": 3.0
    },
    {
      "name": "PrivateKeyDetector"
    },
    {
      "name": "BasicAuthDetector"
    },
    {
      "name": "AWSSecretsDetector"
    },
    {
      "name": "AzureStorageKeyDetector"
    },
    {
      "name": "SlackDetector"
    }
  ],
  "results": {}
}
