{
  "version": "1.5.0",
  "plugins_used": [
    {
      "name": "ArtifactoryDetector"
    },
    {
      "name": "AWSKeyDetector"
    },
    {
      "name": "AzureStorageKeyDetector"
    },
    {
      "name": "Base64HighEntropyString",
      "limit": 4.5
    },
    {
      "name": "BasicAuthDetector"
    },
    {
      "name": "CloudantDetector"
    },
    {
      "name": "DiscordBotTokenDetector"
    },
    {
      "name": "GitHubTokenDetector"
    },
    {
      "name": "GitLabTokenDetector"
    },
    {
      "name": "HexHighEntropyString",
      "limit": 3.0
    },
    {
      "name": "IbmCloudIamDetector"
    },
    {
      "name": "IbmCosHmacDetector"
    },
    {
      "name": "IPPublicDetector"
    },
    {
      "name": "JwtTokenDetector"
    },
    {
      "name": "KeywordDetector",
      "keyword_exclude": ""
    },
    {
      "name": "MailchimpDetector"
    },
    {
      "name": "NpmDetector"
    },
    {
      "name": "OpenAIDetector"
    },
    {
      "name": "PrivateKeyDetector"
    },
    {
      "name": "PypiTokenDetector"
    },
    {
      "name": "SendGridDetector"
    },
    {
      "name": "SlackDetector"
    },
    {
      "name": "SoftlayerDetector"
    },
    {
      "name": "SquareOAuthDetector"
    },
    {
      "name": "StripeDetector"
    },
    {
      "name": "TelegramBotTokenDetector"
    },
    {
      "name": "TwilioKeyDetector"
    }
  ],
  "filters_used": [
    {
      "path": "detect_secrets.filters.allowlist.is_line_allowlisted"
    },
    {
      "path": "detect_secrets.filters.common.is_ignored_due_to_verification_policies",
      "min_level": 2
    },
    {
      "path": "detect_secrets.filters.heuristic.is_indirect_reference"
    },
    {
      "path": "detect_secrets.filters.heuristic.is_likely_id_string"
    },
    {
      "path": "detect_secrets.filters.heuristic.is_lock_file"
    },
    {
      "path": "detect_secrets.filters.heuristic.is_not_alphanumeric_string"
    },
    {
      "path": "detect_secrets.filters.heuristic.is_potential_uuid"
    },
    {
      "path": "detect_secrets.filters.heuristic.is_prefixed_with_dollar_sign"
    },
    {
      "path": "detect_secrets.filters.heuristic.is_sequential_string"
    },
    {
      "path": "detect_secrets.filters.heuristic.is_swagger_file"
    },
    {
      "path": "detect_secrets.filters.heuristic.is_templated_secret"
    },
    {
      "path": "detect_secrets.filters.regex.should_exclude_file",
      "pattern": [
        "\\.lock$|\\.json$|\\.md$"
      ]
    }
  ],
  "results": {
    ".env.example": [
      {
        "type": "Basic Auth Credentials",
        "filename": ".env.example",
        "hashed_secret": "5baa61e4c9b93f3f0682250b6cf8331b7ee68fd8",
        "is_verified": false,
        "line_number": 30
      },
      {
        "type": "Basic Auth Credentials",
        "filename": ".env.example",
        "hashed_secret": "afc848c316af1a89d49826c5ae9d00ed769415f3",
        "is_verified": false,
        "line_number": 36
      }
    ],
    ".github/workflows/ci.yml": [
      {
        "type": "Secret Keyword",
        "filename": ".github/workflows/ci.yml",
        "hashed_secret": "afc848c316af1a89d49826c5ae9d00ed769415f3",
        "is_verified": false,
        "line_number": 26
      },
      {
        "type": "Basic Auth Credentials",
        "filename": ".github/workflows/ci.yml",
        "hashed_secret": "afc848c316af1a89d49826c5ae9d00ed769415f3",
        "is_verified": false,
        "line_number": 59
      },
      {
        "type": "Secret Keyword",
        "filename": ".github/workflows/ci.yml",
        "hashed_secret": "fc6088b38f713897ea1ca240e94291020ce712bb",
        "is_verified": false,
        "line_number": 280
      }
    ],
    "Makefile.security": [
      {
        "type": "Secret Keyword",
        "filename": "Makefile.security",
        "hashed_secret": "d033e22ae348aeb5660fc2140aec35850c4da997",
        "is_verified": false,
        "line_number": 56
      },
      {
        "type": "Secret Keyword",
        "filename": "Makefile.security",
        "hashed_secret": "81f344a7686a80b4c5293e8fdc0b0160c82c06a8",
        "is_verified": false,
        "line_number": 61
      }
    ],
    "docker-compose.yml": [
      {
        "type": "Secret Keyword",
        "filename": "docker-compose.yml",
        "hashed_secret": "afc848c316af1a89d49826c5ae9d00ed769415f3",
        "is_verified": false,
        "line_number": 10
      }
    ],
    "future_skills/tests/test_training_api.py": [
      {
        "type": "Secret Keyword",
        "filename": "future_skills/tests/test_training_api.py",
        "hashed_secret": "1c58bd92003bbaa0538e249fff6ee19a270dec5f",
        "is_verified": false,
        "line_number": 20
      }
    ],
    "k8s/base/02-secrets.yaml": [
      {
        "type": "Secret Keyword",
        "filename": "k8s/base/02-secrets.yaml",
        "hashed_secret": "ad360c8a1c2d63ecb8cfea24467e41aab0a381d5",
        "is_verified": false,
        "line_number": 24
      },
      {
        "type": "Secret Keyword",
        "filename": "k8s/base/02-secrets.yaml",
        "hashed_secret": "9948d5913ac683b1a415947a86f043139f5b2c41",
        "is_verified": false,
        "line_number": 30
      }
    ],
    "k8s/base/30-ingress.yaml": [
      {
        "type": "Secret Keyword",
        "filename": "k8s/base/30-ingress.yaml",
        "hashed_secret": "56f9fc04faa1e4ccffec48bfb69f6630df351180",
        "is_verified": false,
        "line_number": 52
      }
    ],
    "k8s/overlays/dev/ingress-patch.yaml": [
      {
        "type": "Secret Keyword",
        "filename": "k8s/overlays/dev/ingress-patch.yaml",
        "hashed_secret": "15b2b21a5a9b137ff238be5d28af7842d0e84c3a",
        "is_verified": false,
        "line_number": 12
      }
    ],
    "k8s/overlays/production/ingress-patch.yaml": [
      {
        "type": "Secret Keyword",
        "filename": "k8s/overlays/production/ingress-patch.yaml",
        "hashed_secret": "8e40f584729d2f37d7038cdd9ab1af2b998894c6",
        "is_verified": false,
        "line_number": 21
      }
    ],
    "k8s/overlays/staging/ingress-patch.yaml": [
      {
        "type": "Secret Keyword",
        "filename": "k8s/overlays/staging/ingress-patch.yaml",
        "hashed_secret": "ae5f766fb40bc00d5cd94523f259e233ef5aac74",
        "is_verified": false,
        "line_number": 13
      }
    ],
    "scripts/setup_mlflow.sh": [
      {
        "type": "Basic Auth Credentials",
        "filename": "scripts/setup_mlflow.sh",
        "hashed_secret": "9d4e1e23bd5b727046a9e3b4b7db57bd8d6ee684",
        "is_verified": false,
        "line_number": 90
      }
    ],
    "tests/conftest.py": [
      {
        "type": "Secret Keyword",
        "filename": "tests/conftest.py",
        "hashed_secret": "1c58bd92003bbaa0538e249fff6ee19a270dec5f",
        "is_verified": false,
        "line_number": 86
      },
      {
        "type": "Secret Keyword",
        "filename": "tests/conftest.py",
        "hashed_secret": "449ed97bdef672c3aadc98dcdaa63fe9d357f8f1",
        "is_verified": false,
        "line_number": 106
      },
      {
        "type": "Secret Keyword",
        "filename": "tests/conftest.py",
        "hashed_secret": "2f3ff211091d78fef3bac40854eded0003e244b2",
        "is_verified": false,
        "line_number": 122
      },
      {
        "type": "Secret Keyword",
        "filename": "tests/conftest.py",
        "hashed_secret": "ab08a26c013f74b12d9d5eae3bcf513987a03f72",
        "is_verified": false,
        "line_number": 148
      }
    ]
  },
  "generated_at": "2026-07-08T16:03:21Z"
}
